[2026-09-25 22:21:57] === Inspecting BrowserRootView ===
[2026-09-25 22:23:34] Found BrowserRootView: (114) WhatsApp - Web content
[2026-09-25 22:23:34] Found 44 text/list elements. Samples:
[2026-09-25 22:23:34]   [Button] Calls
[2026-09-25 22:23:34]   [Button] Status
[2026-09-25 22:23:34]   [Text] Updates in Status
[2026-09-25 22:23:34]   [Button] Channels
[2026-09-25 22:23:34]   [Button] Communities
[2026-09-25 22:23:34]   [Button] Meta AI
[2026-09-25 22:23:34]   [Button] Send feedback
[2026-09-25 22:23:34]   [Button] Media
[2026-09-25 22:23:34]   [Button] Beta
[2026-09-25 22:23:34]   [Button] You
[2026-09-25 22:23:34]   [Text] Chats
[2026-09-25 22:23:34]   [Button] Menu
[2026-09-25 22:23:34]   [Button] New chat
[2026-09-25 22:23:34]   [Edit] Search or start a new chat
[2026-09-25 22:23:34]   [Text] Your personal messages are
[2026-09-25 22:23:34]   [Button] end-to-end encrypted
[2026-09-25 22:23:34]   [Button] Resize the chat list panel
[2026-09-25 22:23:34]   [Button] Profile details
[2026-09-25 22:23:34]   [Button] Glo MBG
[2026-09-25 22:23:34]   [Button] Video call
[2026-09-25 22:23:34]   [Button] Voice call
[2026-09-25 22:23:34]   [Button] Search
[2026-09-25 22:23:34]   [Button] Menu
[2026-09-25 22:23:34]   [Text] Use WhatsApp on your phone to see older messages from before 19/09/2023.
[2026-09-25 22:23:34]   [Text] Today
[2026-09-25 22:23:34]   [Button] 22:17 Delivered
[2026-09-25 22:23:34]   [Button] 22:17 Delivered
[2026-09-25 22:23:34]   [Button] 22:17 Delivered
[2026-09-25 22:23:34]   [Button] Sticker with no label
[2026-09-25 22:23:34]   [Button] 22:18 Delivered
[2026-09-25 22:23:34]   [Button] Quoted message
[2026-09-25 22:23:34]   [Button] saya mau coba lagi sekali tapi gak ada kontak yang bisa saya pakai kan experiment
[2026-09-25 22:23:34]   [Button] 22:18 Delivered
[2026-09-25 22:23:34]   [Button] 22:18 Delivered
[2026-09-25 22:23:34]   [Button] 22:21 Sent
[2026-09-25 22:23:34]   [Button] Attach
[2026-09-25 22:23:34]   [Button] Emojis, GIFs, Stickers
[2026-09-25 22:23:34]   [Edit] Type a message to Glo MBG
[2026-09-25 22:23:34]   [Button] Voice message
[2026-09-25 22:23:34]   [Button] Voice message
