=== INSTALL GEMS FOR heruardiansyahtwo003@gmail.com ===
01:38:35 - Verifying active Google account on screen...
01:38:36 - VERIFIED: Active account confirmed -> Akun Google: ERUUU (heruardiansyahtwo003@gmail.com)
01:38:36 - 
--- [Gem 1/5] Installing: Profesor LUNA — Skripsi S1 Unhas ---
01:38:39 - Clicking 'Simpan Gem'...
01:38:43 - SUCCESS: Gem 1 (Profesor LUNA — Skripsi S1 Unhas) created and saved!
01:38:43 - 
--- [Gem 2/5] Installing: Mochi — Lead Architect GradiEnt Studio ---
01:38:43 - Navigating to Gem create page...
01:38:50 - Clicking 'Simpan Gem'...
01:38:54 - SUCCESS: Gem 2 (Mochi — Lead Architect GradiEnt Studio) created and saved!
01:38:54 - 
--- [Gem 3/5] Installing: Kaktus — BIM & Construction Lead ---
01:38:54 - Navigating to Gem create page...
01:39:01 - Clicking 'Simpan Gem'...
01:39:05 - SUCCESS: Gem 3 (Kaktus — BIM & Construction Lead) created and saved!
01:39:05 - 
--- [Gem 4/5] Installing: Mas Amba — Quant & Risk Manager ---
01:39:05 - Navigating to Gem create page...
01:39:12 - Clicking 'Simpan Gem'...
01:39:16 - SUCCESS: Gem 4 (Mas Amba — Quant & Risk Manager) created and saved!
01:39:16 - 
--- [Gem 5/5] Installing: Ai — Sahabat Karib & Executive PM ---
01:39:16 - Navigating to Gem create page...
01:39:23 - Clicking 'Simpan Gem'...
01:39:27 - SUCCESS: Gem 5 (Ai — Sahabat Karib & Executive PM) created and saved!
01:39:27 - 
ALL 5 GEMS SUCCESSFULLY INSTALLED IN heruardiansyahtwo003@gmail.com!
01:39:31 - Final confirmation screenshot saved to d:\SecondBrain\00_system\heru003_all_gems_installed.png
